FAIL packages/crypto/src/crypto.test.ts
  Crypto Package
    √ Test 1: Random Bytes Generation (4 ms)
    × Test 2: Vault Key Generation (2 ms)
    √ Test 3: Master Key Derivation (PBKDF2) (2 ms)
    √ Test 4: Encryption/Decryption Cycle (4 ms)
    √ Test 5: Encryption Randomness Check (1 ms)
    √ Test 6: Wrong Key Fails Decryption (198 ms)

  ● Crypto Package › Test 2: Vault Key Generation

    expect(received).toBeDefined()

    Received: undefined

    [0m [90m 28 |[39m     [36mconst[39m vaultKey [33m=[39m [36mawait[39m generateVaultKey()[33m;[39m
     [90m 29 |[39m     expect(vaultKey)[33m.[39mtoBeDefined()[33m;[39m
    [31m[1m>[22m[39m[90m 30 |[39m     expect((vaultKey [36mas[39m any)[33m.[39mprivateKey)[33m.[39mtoBeDefined()[33m;[39m
     [90m    |[39m                                          [31m[1m^[22m[39m
     [90m 31 |[39m   })[33m;[39m
     [90m 32 |[39m
     [90m 33 |[39m   test([32m"Test 3: Master Key Derivation (PBKDF2)"[39m[33m,[39m [36masync[39m () [33m=>[39m {[0m

      at Object.<anonymous> (packages/crypto/src/crypto.test.ts:30:42)

Test Suites: 1 failed, 1 total
Tests:       1 failed, 5 passed, 6 total
Snapshots:   0 total
Time:        2.145 s
Ran all test suites matching /packages\\crypto\\src\\crypto.test.ts/i.
